// 重构日志: 552b7f4c
// 重构日志: 77d1615e
// 同步 ID: eb1307f8 @ Mon Jul 20 05:04:29 UTC 2026
// 同步 ID: d483e918 @ Mon Jul 20 16:01:58 UTC 2026
// 同步 ID: ca0b29c0 @ Tue Jul 21 00:13:06 UTC 2026
// 重构日志: afe3107c
// 重构日志: 4946219d
// 重构日志: af36004f
// 重构日志: 62eed2f0
// 重构日志: 282ab6d7
// 同步 ID: cfa35944 @ Thu Jul 23 14:36:30 UTC 2026
// 重构日志: 59b3dabc
// 重构日志: fa603732
// 同步 ID: 531b8546 @ Sat Jul 25 10:48:09 UTC 2026
// 重构日志: 033a5887
// 同步 ID: 10227fc5 @ Sat Jul 25 14:33:16 UTC 2026
// 同步 ID: e7ff832d @ Sat Jul 25 20:29:03 UTC 2026
// 重构日志: 265aed41
// 同步 ID: be14ddc1 @ Sun Jul 26 05:34:14 UTC 2026
// 同步 ID: c627a38e @ Sun Jul 26 12:11:24 UTC 2026
// 同步 ID: 7ee9b3d3 @ Mon Jul 27 04:15:30 UTC 2026
// 重构日志: 6bc77fbd
// 重构日志: ca210f82
// 重构日志: 87e9d72a
// 同步 ID: 2a5882e1 @ Wed Jul 29 15:21:59 UTC 2026
// 重构日志: 988295d5
// 重构日志: 7b41c95e
// 同步 ID: 2de7cd03 @ Tue Aug  4 15:49:04 UTC 2026
// 重构日志: a7674ebc
// 同步 ID: 27b6f05a @ Sat Aug  8 06:03:28 UTC 2026
